[    0.000000] Linux version 4.15.0-196-generic (buildd@lcy02-amd64-018) (gcc version 7.5.0 (Ubuntu 7.5.0-3ubuntu1~18.04)) #207-Ubuntu SMP Thu Oct 27 21:24:58 UTC 2022 (Ubuntu 4.15.0-196.207-generic 4.15.18)
[    0.000000] Command line: BOOT_IMAGE=/boot/vmlinuz-4.15.0-196-generic root=UUID=9afb682e-fed5-4c9b-9e8b-f9ed1a1e3114 ro console=tty1 console=ttyS0
[    0.000000] KERNEL supported cpus:
[    0.000000]   Intel GenuineIntel
[    0.000000]   AMD AuthenticAMD
[    0.000000]   Centaur CentaurHauls
[    0.000000] [Firmware Bug]: TSC doesn't count with P0 frequency!
[    0.000000] x86/fpu: x87 FPU will use FXSAVE
[    0.000000] e820: BIOS-provided physical RAM map:
[    0.000000] BIOS-e820: [mem 0x0000000000000000-0x000000000009fbff] usable
[    0.000000] BIOS-e820: [mem 0x000000000009fc00-0x000000000009ffff] reserved
[    0.000000] BIOS-e820: [mem 0x00000000000f0000-0x00000000000fffff] reserved
[    0.000000] BIOS-e820: [mem 0x0000000000100000-0x000000003ffeffff] usable
[    0.000000] BIOS-e820: [mem 0x000000003fff0000-0x000000003fffffff] ACPI data
[    0.000000] BIOS-e820: [mem 0x00000000fec00000-0x00000000fec00fff] reserved
[    0.000000] BIOS-e820: [mem 0x00000000fee00000-0x00000000fee00fff] reserved
[    0.000000] BIOS-e820: [mem 0x00000000fffc0000-0x00000000ffffffff] reserved
[    0.000000] NX (Execute Disable) protection: active
[    0.000000] SMBIOS 2.5 present.
[    0.000000] DMI: innotek GmbH VirtualBox/VirtualBox, BIOS VirtualBox 12/01/2006
[    0.000000] Hypervisor detected: KVM
[    0.000000] e820: last_pfn = 0x3fff0 max_arch_pfn = 0x400000000
[    0.000000] MTRR: Disabled
[    0.000000] x86/PAT: MTRRs disabled, skipping PAT initialization too.
[    0.000000] CPU MTRRs all blank - virtualized system.
[    0.000000] x86/PAT: Configuration [0-7]: WB  WT  UC- UC  WB  WT  UC- UC  
[    0.000000] found SMP MP-table at [mem 0x0009fff0-0x0009ffff]
[    0.000000] Scanning 1 areas for low memory corruption
[    0.000000] RAMDISK: [mem 0x35819000-0x36c03fff]
[    0.000000] ACPI: Early table checksum verification disabled
[    0.000000] ACPI: RSDP 0x00000000000E0000 000024 (v02 VBOX  )
[    0.000000] ACPI: XSDT 0x000000003FFF0030 00003C (v01 VBOX   VBOXXSDT 00000001 ASL  00000061)
[    0.000000] ACPI: FACP 0x000000003FFF00F0 0000F4 (v04 VBOX   VBOXFACP 00000001 ASL  00000061)
[    0.000000] ACPI: DSDT 0x000000003FFF0470 002325 (v02 VBOX   VBOXBIOS 00000002 INTL 20100528)
[    0.000000] ACPI: FACS 0x000000003FFF0200 000040
[    0.000000] ACPI: FACS 0x000000003FFF0200 000040
[    0.000000] ACPI: APIC 0x000000003FFF0240 00005C (v02 VBOX   VBOXAPIC 00000001 ASL  00000061)
[    0.000000] ACPI: SSDT 0x000000003FFF02A0 0001CC (v01 VBOX   VBOXCPUT 00000002 INTL 20100528)
[    0.000000] ACPI: Reserving FACP table memory at [mem 0x3fff00f0-0x3fff01e3]
[    0.000000] ACPI: Reserving DSDT table memory at [mem 0x3fff0470-0x3fff2794]
[    0.000000] ACPI: Reserving FACS table memory at [mem 0x3fff0200-0x3fff023f]
[    0.000000] ACPI: Reserving FACS table memory at [mem 0x3fff0200-0x3fff023f]
[    0.000000] ACPI: Reserving APIC table memory at [mem 0x3fff0240-0x3fff029b]
[    0.000000] ACPI: Reserving SSDT table memory at [mem 0x3fff02a0-0x3fff046b]
[    0.000000] No NUMA configuration found
[    0.000000] Faking a node at [mem 0x0000000000000000-0x000000003ffeffff]
[    0.000000] NODE_DATA(0) allocated [mem 0x3ffc5000-0x3ffeffff]
[    0.000000] kvm-clock: cpu 0, msr 0:3ff44001, primary cpu clock
[    0.000000] kvm-clock: Using msrs 4b564d01 and 4b564d00
[    0.000000] kvm-clock: using sched offset of 4025151739 cycles
[    0.000000] clocksource: kvm-clock: mask: 0xffffffffffffffff max_cycles: 0x1cd42e4dffb, max_idle_ns: 881590591483 ns
[    0.000000] Zone ranges:
[    0.000000]   DMA      [mem 0x0000000000001000-0x0000000000ffffff]
[    0.000000]   DMA32    [mem 0x0000000001000000-0x000000003ffeffff]
[    0.000000]   Normal   empty
[    0.000000]   Device   empty
[    0.000000] Movable zone start for each node
[    0.000000] Early memory node ranges
[    0.000000]   node   0: [mem 0x0000000000001000-0x000000000009efff]
[    0.000000]   node   0: [mem 0x0000000000100000-0x000000003ffeffff]
[    0.000000] Reserved but unavailable: 104 pages
[    0.000000] Initmem setup node 0 [mem 0x0000000000001000-0x000000003ffeffff]
[    0.000000] ACPI: PM-Timer IO Port: 0x4008
[    0.000000] IOAPIC[0]: apic_id 2, version 32, address 0xfec00000, GSI 0-23
[    0.000000] ACPI: INT_SRC_OVR (bus 0 bus_irq 0 global_irq 2 dfl dfl)
[    0.000000] ACPI: INT_SRC_OVR (bus 0 bus_irq 9 global_irq 9 low level)
[    0.000000] Using ACPI (MADT) for SMP configuration information
[    0.000000] smpboot: Allowing 2 CPUs, 0 hotplug CPUs
[    0.000000] PM: Registered nosave memory: [mem 0x00000000-0x00000fff]
[    0.000000] PM: Registered nosave memory: [mem 0x0009f000-0x0009ffff]
[    0.000000] PM: Registered nosave memory: [mem 0x000a0000-0x000effff]
[    0.000000] PM: Registered nosave memory: [mem 0x000f0000-0x000fffff]
[    0.000000] e820: [mem 0x40000000-0xfebfffff] available for PCI devices
[    0.000000] Booting paravirtualized kernel on KVM
[    0.000000] clocksource: refined-jiffies: mask: 0xffffffff max_cycles: 0xffffffff, max_idle_ns: 7645519600211568 ns
[    0.000000] setup_percpu: NR_CPUS:8192 nr_cpumask_bits:2 nr_cpu_ids:2 nr_node_ids:1
[    0.000000] percpu: Embedded 50 pages/cpu s167936 r8192 d28672 u1048576
[    0.000000] PV qspinlock hash table entries: 256 (order: 0, 4096 bytes)
[    0.000000] Built 1 zonelists, mobility grouping on.  Total pages: 257913
[    0.000000] Policy zone: DMA32
[    0.000000] Kernel command line: BOOT_IMAGE=/boot/vmlinuz-4.15.0-196-generic root=UUID=9afb682e-fed5-4c9b-9e8b-f9ed1a1e3114 ro console=tty1 console=ttyS0
[    0.000000] Memory: 981784K/1048120K available (12300K kernel code, 2477K rwdata, 4320K rodata, 2472K init, 2720K bss, 66336K reserved, 0K cma-reserved)
[    0.000000] SLUB: HWalign=64, Order=0-3, MinObjects=0, CPUs=2, Nodes=1
[    0.000000] ftrace: allocating 39477 entries in 155 pages
[    0.004000] Hierarchical RCU implementation.
[    0.004000] 	RCU restricting CPUs from NR_CPUS=8192 to nr_cpu_ids=2.
[    0.004000] 	Tasks RCU enabled.
[    0.004000] RCU: Adjusting geometry for rcu_fanout_leaf=16, nr_cpu_ids=2
[    0.004000] NR_IRQS: 524544, nr_irqs: 440, preallocated irqs: 16
[    0.004000] Console: colour VGA+ 80x25
[    0.004000] console [tty1] enabled
[    0.004000] console [ttyS0] enabled
[    0.004000] ACPI: Core revision 20170831
[    0.004000] ACPI: 2 ACPI AML tables successfully acquired and loaded
[    0.004000] APIC: Switch to symmetric I/O mode setup
[    0.004000] ..TIMER: vector=0x30 apic1=0 pin1=2 apic2=-1 pin2=-1
[    0.004005] tsc: Detected 2994.372 MHz processor
[    0.008007] Calibrating delay loop (skipped) preset value.. 5988.74 BogoMIPS (lpj=11977488)
[    0.012004] pid_max: default: 32768 minimum: 301
[    0.016096] Security Framework initialized
[    0.020003] Yama: becoming mindful.
[    0.024093] AppArmor: AppArmor initialized
[    0.034921] Dentry cache hash table entries: 131072 (order: 8, 1048576 bytes)
[    0.041515] Inode-cache hash table entries: 65536 (order: 7, 524288 bytes)
[    0.044081] Mount-cache hash table entries: 2048 (order: 2, 16384 bytes)
[    0.048080] Mountpoint-cache hash table entries: 2048 (order: 2, 16384 bytes)
[    0.056490] Last level iTLB entries: 4KB 1024, 2MB 1024, 4MB 512
[    0.060003] Last level dTLB entries: 4KB 2048, 2MB 2048, 4MB 1024, 1GB 0
[    0.064003] Spectre V1 : Mitigation: usercopy/swapgs barriers and __user pointer sanitization
[    0.068003] Spectre V2 : Mitigation: Retpolines
[    0.072002] Spectre V2 : Spectre v2 / SpectreRSB mitigation: Filling RSB on context switch
[    0.076173] Freeing SMP alternatives memory: 36K
[    0.202649] APIC calibration not consistent with PM-Timer: 103ms instead of 100ms
[    0.204000] APIC delta adjusted to PM-Timer: 6434543 (6652591)
[    0.204406] smpboot: CPU0: AMD Ryzen 5 4600H with Radeon Graphics (family: 0x17, model: 0x60, stepping: 0x1)
[    0.208642] Performance Events: PMU not available due to virtualization, using software events only.
[    0.212128] Hierarchical SRCU implementation.
[    0.220817] NMI watchdog: Perf event create on CPU 0 failed with -2
[    0.224002] NMI watchdog: Perf NMI watchdog permanently disabled
[    0.228300] smp: Bringing up secondary CPUs ...
[    0.233018] x86: Booting SMP configuration:
[    0.236003] .... node  #0, CPUs:      #1
[    0.004000] kvm-clock: cpu 1, msr 0:3ff44041, secondary cpu clock
[    0.248103] smp: Brought up 1 node, 2 CPUs
[    0.252004] smpboot: Max logical packages: 1
[    0.256004] smpboot: Total of 2 processors activated (11977.48 BogoMIPS)
[    0.264260] devtmpfs: initialized
[    0.268499] x86/mm: Memory block size: 128MB
[    0.272508] evm: security.selinux
[    0.276007] evm: security.SMACK64
[    0.280010] evm: security.SMACK64EXEC
[    0.284003] evm: security.SMACK64TRANSMUTE
[    0.288003] evm: security.SMACK64MMAP
[    0.292002] evm: security.apparmor
[    0.296003] evm: security.ima
[    0.300003] evm: security.capability
[    0.308178] clocksource: jiffies: mask: 0xffffffff max_cycles: 0xffffffff, max_idle_ns: 7645041785100000 ns
[    0.316110] futex hash table entries: 512 (order: 3, 32768 bytes)
[    0.320445] pinctrl core: initialized pinctrl subsystem
[    0.328436] RTC time: 18:03:06, date: 11/12/22
[    0.333635] NET: Registered protocol family 16
[    0.336155] audit: initializing netlink subsys (disabled)
[    0.344665] audit: type=2000 audit(1668276191.211:1): state=initialized audit_enabled=0 res=1
[    0.348196] cpuidle: using governor ladder
[    0.356008] cpuidle: using governor menu
[    0.364296] ACPI: bus type PCI registered
[    0.368005] acpiphp: ACPI Hot Plug PCI Controller Driver version: 0.5
[    0.372174] PCI: Using configuration type 1 for base access
[    0.380003] PCI: Using configuration type 1 for extended access
[    0.388491] HugeTLB registered 2.00 MiB page size, pre-allocated 0 pages
[    0.400398] ACPI: Added _OSI(Module Device)
[    0.404004] ACPI: Added _OSI(Processor Device)
[    0.408003] ACPI: Added _OSI(3.0 _SCP Extensions)
[    0.412003] ACPI: Added _OSI(Processor Aggregator Device)
[    0.416003] ACPI: Added _OSI(Linux-Dell-Video)
[    0.420003] ACPI: Added _OSI(Linux-Lenovo-NV-HDMI-Audio)
[    0.424010] ACPI: Added _OSI(Linux-HPI-Hybrid-Graphics)
[    0.429009] ACPI: Executed 1 blocks of module-level executable AML code
[    0.439999] ACPI: Interpreter enabled
[    0.440015] ACPI: (supports S0 S5)
[    0.444004] ACPI: Using IOAPIC for interrupt routing
[    0.448425] PCI: Using host bridge windows from ACPI; if necessary, use "pci=nocrs" and report a bug
[    0.452253] ACPI: Enabled 2 GPEs in block 00 to 07
[    0.464493] ACPI: PCI Root Bridge [PCI0] (domain 0000 [bus 00-ff])
[    0.468007] acpi PNP0A03:00: _OSC: OS supports [ExtendedConfig ASPM ClockPM Segments MSI]
[    0.476802] acpi PNP0A03:00: _OSC: platform does not support [PCIeCapability]
[    0.480803] acpi PNP0A03:00: _OSC: not requesting control; platform does not support [PCIeCapability]
[    0.484004] acpi PNP0A03:00: _OSC: OS requested [PCIeHotplug PME AER PCIeCapability]
[    0.488004] acpi PNP0A03:00: _OSC: platform willing to grant [PCIeHotplug PME AER]
[    0.492003] acpi PNP0A03:00: _OSC failed (AE_SUPPORT); disabling ASPM
[    0.496836] PCI host bridge to bus 0000:00
[    0.500005] pci_bus 0000:00: root bus resource [io  0x0000-0x0cf7 window]
[    0.504004] pci_bus 0000:00: root bus resource [io  0x0d00-0xffff window]
[    0.508004] pci_bus 0000:00: root bus resource [mem 0x000a0000-0x000bffff window]
[    0.512003] pci_bus 0000:00: root bus resource [mem 0x40000000-0xfdffffff window]
[    0.516004] pci_bus 0000:00: root bus resource [bus 00-ff]
[    0.528000] pci 0000:00:01.1: legacy IDE quirk: reg 0x10: [io  0x01f0-0x01f7]
[    0.528003] pci 0000:00:01.1: legacy IDE quirk: reg 0x14: [io  0x03f6]
[    0.532003] pci 0000:00:01.1: legacy IDE quirk: reg 0x18: [io  0x0170-0x0177]
[    0.536011] pci 0000:00:01.1: legacy IDE quirk: reg 0x1c: [io  0x0376]
[    0.560109] pci 0000:00:07.0: quirk: [io  0x4000-0x403f] claimed by PIIX4 ACPI
[    0.564044] pci 0000:00:07.0: quirk: [io  0x4100-0x410f] claimed by PIIX4 SMB
[    0.577739] ACPI: PCI Interrupt Link [LNKA] (IRQs 5 9 10 *11)
[    0.580595] ACPI: PCI Interrupt Link [LNKB] (IRQs 5 9 *10 11)
[    0.584262] ACPI: PCI Interrupt Link [LNKC] (IRQs 5 *9 10 11)
[    0.588261] ACPI: PCI Interrupt Link [LNKD] (IRQs 5 9 10 *11)
[    0.592813] SCSI subsystem initialized
[    0.596329] pci 0000:00:02.0: vgaarb: setting as boot VGA device
[    0.600000] pci 0000:00:02.0: vgaarb: VGA device added: decodes=io+mem,owns=io+mem,locks=none
[    0.600005] pci 0000:00:02.0: vgaarb: bridge control possible
[    0.604002] vgaarb: loaded
[    0.608069] ACPI: bus type USB registered
[    0.612073] usbcore: registered new interface driver usbfs
[    0.616010] usbcore: registered new interface driver hub
[    0.620013] usbcore: registered new device driver usb
[    0.628544] EDAC MC: Ver: 3.0.0
[    0.640025] PCI: Using ACPI for IRQ routing
[    0.644878] NetLabel: Initializing
[    0.648010] NetLabel:  domain hash size = 128
[    0.652002] NetLabel:  protocols = UNLABELED CIPSOv4 CALIPSO
[    0.656022] NetLabel:  unlabeled traffic allowed by default
[    0.664870] clocksource: Switched to clocksource kvm-clock
[    0.712116] VFS: Disk quotas dquot_6.6.0
[    0.721318] VFS: Dquot-cache hash table entries: 512 (order 0, 4096 bytes)
[    0.728327] AppArmor: AppArmor Filesystem Enabled
[    0.733018] pnp: PnP ACPI init
[    0.738142] pnp: PnP ACPI: found 3 devices
[    0.781383] clocksource: acpi_pm: mask: 0xffffff max_cycles: 0xffffff, max_idle_ns: 2085701024 ns
[    0.789833] NET: Registered protocol family 2
[    0.796266] IP idents hash table entries: 16384 (order: 5, 131072 bytes)
[    0.802544] TCP established hash table entries: 8192 (order: 4, 65536 bytes)
[    0.809293] TCP bind hash table entries: 8192 (order: 5, 131072 bytes)
[    0.815609] TCP: Hash tables configured (established 8192 bind 8192)
[    0.821940] UDP hash table entries: 512 (order: 2, 16384 bytes)
[    0.827763] UDP-Lite hash table entries: 512 (order: 2, 16384 bytes)
[    0.833739] NET: Registered protocol family 1
[    0.837919] pci 0000:00:00.0: Limiting direct PCI/PCI transfers
[    0.843342] pci 0000:00:01.0: Activating ISA DMA hang workarounds
[    0.849269] pci 0000:00:02.0: Video device with shadowed ROM at [mem 0x000c0000-0x000dffff]
[    0.856935] Unpacking initramfs...
[    1.284288] Freeing initrd memory: 20396K
[    1.355010] clocksource: tsc: mask: 0xffffffffffffffff max_cycles: 0x2b29812ce43, max_idle_ns: 440795323173 ns
[    1.364104] platform rtc_cmos: registered platform RTC device (no PNP device found)
[    1.371687] Scanning for low memory corruption every 60 seconds
[    1.379792] Initialise system trusted keyrings
[    1.384344] Key type blacklist registered
[    1.389178] workingset: timestamp_bits=36 max_order=18 bucket_order=0
[    1.397519] zbud: loaded
[    1.402244] squashfs: version 4.0 (2009/01/31) Phillip Lougher
[    1.409949] fuse init (API version 7.26)
[    1.442113] Key type asymmetric registered
[    1.445835] Asymmetric key parser 'x509' registered
[    1.450166] Block layer SCSI generic (bsg) driver version 0.4 loaded (major 246)
[    1.457803] io scheduler noop registered
[    1.461607] io scheduler deadline registered
[    1.465420] io scheduler cfq registered (default)
[    1.470298] ACPI: AC Adapter [AC] (on-line)
[    1.474761] input: Power Button as /devices/LNXSYSTM:00/LNXPWRBN:00/input/input0
[    1.482024] ACPI: Power Button [PWRF]
[    1.485688] input: Sleep Button as /devices/LNXSYSTM:00/LNXSLPBN:00/input/input1
[    1.492263] ACPI: Sleep Button [SLPF]
[    1.499296] ACPI: Battery Slot [BAT0] (battery present)
[    1.504621] Serial: 8250/16550 driver, 32 ports, IRQ sharing enabled
[    1.541433] 00:02: ttyS0 at I/O 0x3f8 (irq = 4, base_baud = 115200) is a 16550A
[    1.563651] Linux agpgart interface v0.103
[    1.574923] loop: module loaded
[    1.580553] scsi host0: ata_piix
[    1.583796] scsi host1: ata_piix
[    1.587142] ata1: PATA max UDMA/33 cmd 0x1f0 ctl 0x3f6 bmdma 0xd000 irq 14
[    1.592936] ata2: PATA max UDMA/33 cmd 0x170 ctl 0x376 bmdma 0xd008 irq 15
[    1.599544] tun: Universal TUN/TAP device driver, 1.6
[    1.604979] PPP generic driver version 2.4.2
[    1.609127] ehci_hcd: USB 2.0 'Enhanced' Host Controller (EHCI) Driver
[    1.614712] ehci-pci: EHCI PCI platform driver
[    1.618921] ehci-platform: EHCI generic platform driver
[    1.623786] ohci_hcd: USB 1.1 'Open' Host Controller (OHCI) Driver
[    1.629323] ohci-pci: OHCI PCI platform driver
[    1.633849] ohci-platform: OHCI generic platform driver
[    1.638906] uhci_hcd: USB Universal Host Controller Interface driver
[    1.644571] i8042: PNP: PS/2 Controller [PNP0303:PS2K,PNP0f03:PS2M] at 0x60,0x64 irq 1,12
[    1.655462] serio: i8042 KBD port at 0x60,0x64 irq 1
[    1.656324] serio: i8042 AUX port at 0x60,0x64 irq 12
[    1.665752] mousedev: PS/2 mouse device common for all mice
[    1.675562] rtc_cmos rtc_cmos: rtc core: registered rtc_cmos as rtc0
[    1.681727] input: AT Translated Set 2 keyboard as /devices/platform/i8042/serio0/input/input2
[    1.689902] rtc_cmos rtc_cmos: alarms up to one day, 114 bytes nvram
[    1.695932] i2c /dev entries driver
[    1.700901] device-mapper: uevent: version 1.0.3
[    1.706386] device-mapper: ioctl: 4.37.0-ioctl (2017-09-20) initialised: dm-devel@redhat.com
[    1.714829] ledtrig-cpu: registered to indicate activity on CPUs
[    1.723298] NET: Registered protocol family 10
[    1.738174] Segment Routing with IPv6
[    1.742093] NET: Registered protocol family 17
[    1.747569] Key type dns_resolver registered
[    1.752464] mce: Using 0 MCE banks
[    1.755744] RAS: Correctable Errors collector initialized.
[    1.760886] sched_clock: Marking stable (1760831804, 0)->(2492013312, -731181508)
[    1.821796] registered taskstats version 1
[    1.825751] Loading compiled-in X.509 certificates
[    1.834706] Loaded X.509 cert 'Build time autogenerated kernel key: 70689ee33cf4f642c5ae41aad47e12600d9dde30'
[    1.843416] Loaded X.509 cert 'Canonical Ltd. Live Patch Signing: 14df34d1a87cf37625abec039ef2bf521249b969'
[    1.852478] Loaded X.509 cert 'Canonical Ltd. Kernel Module Signing: 88f752e560a1e0737e31163a466ad7b70a850c19'
[    1.861355] blacklist: Loading compiled-in revocation X.509 certificates
[    1.867305] Loaded X.509 cert 'Canonical Ltd. Secure Boot Signing: 61482aa2830d0ab2ad5af10b7250da9033ddcef0'
[    1.876175] zswap: loaded using pool lzo/zbud
[    1.890803] Key type big_key registered
[    1.894348] Key type trusted registered
[    1.902207] Key type encrypted registered
[    1.905810] AppArmor: AppArmor sha1 policy hashing enabled
[    1.911064] ima: No TPM chip found, activating TPM-bypass! (rc=-19)
[    1.916780] ima: Allocated hash algorithm: sha1
[    1.921128] evm: HMAC attrs: 0x1
[    1.924905]   Magic number: 14:355:89
[    1.929231] rtc_cmos rtc_cmos: setting system clock to 2022-11-12 18:03:07 UTC (1668276187)
[    1.937500] BIOS EDD facility v0.16 2004-Jun-25, 0 devices found
[    1.942947] EDD information not available.
[    1.950858] Freeing unused kernel image memory: 2472K
[    1.977146] Write protecting the kernel read-only data: 20480k
[    1.984702] Freeing unused kernel image memory: 2008K
[    1.989828] Freeing unused kernel image memory: 1824K
[    2.000293] x86/mm: Checked W+X mappings: passed, no W+X pages found.
Loading, please wait...
starting version 237
[    2.068788] e1000: Intel(R) PRO/1000 Network Driver - version 7.3.21-k8-NAPI
[    2.075427] e1000: Copyright (c) 1999-2006 Intel Corporation.
[    2.096040] Fusion MPT base driver 3.04.20
[    2.099880] Copyright (c) 1999-2008 LSI Corporation
[    2.125244] Fusion MPT SPI Host driver 3.04.20
[    2.315486] input: ImExPS/2 Generic Explorer Mouse as /devices/platform/i8042/serio1/input/input4
[    2.760369] e1000 0000:00:03.0 eth0: (PCI:33MHz:32-bit) 02:cf:fd:ba:38:06
[    2.766567] e1000 0000:00:03.0 eth0: Intel(R) PRO/1000 Network Connection
[    2.775398] e1000 0000:00:03.0 enp0s3: renamed from eth0
[    2.777199] mptbase: ioc0: Initiating bringup
[    2.889929] ioc0: LSI53C1030 A0: Capabilities={Initiator}
[    3.433841] scsi host2: ioc0: LSI53C1030 A0, FwRev=00000000h, Ports=1, MaxQ=256, IRQ=20
[    4.132631] scsi 2:0:0:0: Direct-Access     VBOX     HARDDISK         1.0  PQ: 0 ANSI: 5
[    4.177217] scsi target2:0:0: Beginning Domain Validation
[    4.189404] scsi target2:0:0: Domain Validation skipping write tests
[    4.195193] scsi target2:0:0: Ending Domain Validation
[    4.200274] scsi target2:0:0: asynchronous
[    4.206078] scsi 2:0:1:0: Direct-Access     VBOX     HARDDISK         1.0  PQ: 0 ANSI: 5
[    4.269147] scsi target2:0:1: Beginning Domain Validation
[    4.282797] scsi target2:0:1: Domain Validation skipping write tests
[    4.288735] scsi target2:0:1: Ending Domain Validation
[    4.294407] scsi target2:0:1: asynchronous
[    4.312606] sd 2:0:0:0: Attached scsi generic sg0 type 0
[    4.312946] sd 2:0:0:0: [sda] 83886080 512-byte logical blocks: (42.9 GB/40.0 GiB)
[    4.325921] sd 2:0:0:0: [sda] Write Protect is off
[    4.325986] sd 2:0:1:0: Attached scsi generic sg1 type 0
[    4.336679] sd 2:0:0:0: [sda] Incomplete mode parameter data
[    4.341984] sd 2:0:0:0: [sda] Assuming drive cache: write through
[    4.342031] sd 2:0:1:0: [sdb] 20480 512-byte logical blocks: (10.5 MB/10.0 MiB)
[    4.351177]  sda: sda1
[    4.357779] sd 2:0:1:0: [sdb] Write Protect is off
[    4.360104] sd 2:0:0:0: [sda] Attached SCSI disk
[    4.368789] sd 2:0:1:0: [sdb] Incomplete mode parameter data
[    4.374591] sd 2:0:1:0: [sdb] Assuming drive cache: write through
[    4.392220] sd 2:0:1:0: [sdb] Attached SCSI disk
Begin: Loading essential drivers ... [    6.264266] raid6: sse2x1   gen()  7867 MB/s
[    6.312206] raid6: sse2x1   xor()  7725 MB/s
[    6.360120] raid6: sse2x2   gen() 15752 MB/s
[    6.408727] raid6: sse2x2   xor() 10872 MB/s
[    6.460674] raid6: sse2x4   gen() 15847 MB/s
[    6.512191] raid6: sse2x4   xor()  9122 MB/s
[    6.515837] raid6: using algorithm sse2x4 gen() 15847 MB/s
[    6.520942] raid6: .... xor() 9122 MB/s, rmw enabled
[    6.525840] raid6: using ssse3x2 recovery algorithm
[    6.533050] xor: measuring software checksum speed
[    9.284127]    prefetch64-sse: -165240.-296 MB/sec
[   12.343495]    generic_sse: -474959.-296 MB/sec
[   12.347996] xor: using function: prefetch64-sse (-165240.-296 MB/sec)
[   12.355824] async_tx: api initialized (async)
done.
Begin: Running /scripts/init-premount ... done.
Begin: Mounting root file system ... Begin: Running /scripts/local-top ... done.
Begin: Running /scripts/local-premount ... [   12.414505] Btrfs loaded, crc32c=crc32c-intel
Scanning for Btrfs filesystems
done.
Begin: Will now check root file system ... fsck from util-linux 2.31.1
[/sbin/fsck.ext4 (1) -- /dev/sda1] fsck.ext4 -a -C0 /dev/sda1 
cloudimg-rootfs: clean, 156787/5120000 files, 1285792/10485499 blocks
done.
[   12.492530] EXT4-fs (sda1): mounted filesystem with ordered data mode. Opts: (null)
done.
Begin: Running /scripts/local-bottom ... done.
Begin: Running /scripts/init-bottom ... done.
[   12.774090] ip_tables: (C) 2000-2006 Netfilter Core Team
[   12.798573] systemd[1]: systemd 237 running in system mode. (+PAM +AUDIT +SELINUX +IMA +APPARMOR +SMACK +SYSVINIT +UTMP +LIBCRYPTSETUP +GCRYPT +GNUTLS +ACL +XZ +LZ4 +SECCOMP +BLKID +ELFUTILS +KMOD -IDN2 +IDN -PCRE2 default-hierarchy=hybrid)
[   12.816968] systemd[1]: Detected virtualization oracle.
[   12.821941] systemd[1]: Detected architecture x86-64.

Welcome to [1mUbuntu 18.04.6 LTS[0m!

[   12.854739] systemd[1]: Set hostname to <ubuntu-bionic>.
[   13.290901] random: systemd: uninitialized urandom read (16 bytes read)
[   13.296856] systemd[1]: Set up automount Arbitrary Executable File Formats File System Automount Point.
[[0;32m  OK  [0m] Set up automount Arbitrary Executabâ€¦rmats File System Automount Point.
[   13.309124] random: systemd: uninitialized urandom read (16 bytes read)
[   13.314878] systemd[1]: Reached target User and Group Name Lookups.
[[0;32m  OK  [0m] Reached target User and Group Name Lookups.
[   13.323681] random: systemd: uninitialized urandom read (16 bytes read)
[   13.329455] systemd[1]: Started Forward Password Requests to Wall Directory Watch.
[[0;32m  OK  [0m] Started Forward Password Requests to Wall Directory Watch.
[   13.348295] systemd[1]: Created slice User and Session Slice.
[[0;32m  OK  [0m] Created slice User and Session Slice.
[   13.358141] systemd[1]: Created slice System Slice.
[[0;32m  OK  [0m] Created slice System Slice.
[   13.377082] systemd[1]: Reached target Slices.
[[0;32m  OK  [0m] Reached target Slices.
[[0;32m  OK  [0m] Listening on LVM2 poll daemon socket.
[[0;32m  OK  [0m] Listening on LVM2 metadata daemon socket.
[[0;32m  OK  [0m] Listening on Syslog Socket.
[[0;32m  OK  [0m] Listening on Journal Socket (/dev/log).
[[0;32m  OK  [0m] Listening on /dev/initctl Compatibility Named Pipe.
[[0;32m  OK  [0m] Listening on Journal Socket.
         Mounting Kernel Debug File System...
         Mounting Huge Pages File System...
         Starting Set the console keyboard layout...
         Starting Create list of required stâ€¦ce nodes for the current kernel...
[[0;32m  OK  [0m] Listening on udev Kernel Socket.
         Starting Load Kernel Modules...
[[0;32m  OK  [0m] Listening on fsck to fsckd communication Socket.
         Starting Remount Root and Kernel File Systems...
[[0;32m  OK  [0m] Listening on Network Service Netlink Socket.
[   13.472345] Loading iSCSI transport class v2.0-870.
[[0;32m  OK  [0m] Reached target Swap.
[[0;32m  OK  [0m] Listening on Device-mapper event daemon FIFOs.
         Starting Monitoring of LVM2 mirrorsâ€¦ng dmeventd or progress polling...
[[0;32m  OK  [0m] Created slice system-serial\x2dgetty.slice.
         Starting Uncomplicated firewall...
[[0;32m  OK  [0m] [   13.517414] iscsi: registered transport (tcp)
Listening on udev Control Socket.
         Starting udev Coldplug all Devices...
         Mounting POSIX Message Queue File System...
[   13.531369] EXT4-fs (sda1): re-mounted. Opts: (null)
[[0;32m  OK  [0m] Listening on Journal Audit Socket.
         Starting Journal Service...
[[0;32m  OK  [0m] Reached target System Time Synchronized.
[[0;32m  OK  [0m] Mounted Kernel Debug File System.
[[0;32m  OK  [0m] Mounted Huge Pages File System.
[[0;32m  OK  [0m] Started Create list of required staâ€¦vice nodes for the current kernel.
[[0;32m  OK  [0m] Started Remount Root and Kernel File Systems.
[[0;32m  OK  [0m] Mounted POSIX Message Queue File System.
[[0;32m  OK  [0m] Started LVM2 metadata daemon.
[   13.638368] iscsi: registered transport (iser)
         Starting Load/Save Random Seed...
         Starting Create Static Device Nodes in /dev...
[[0;32m  OK  [0m] Started Journal Service.
[[0;32m  OK  [0m] Started Load Kernel Modules.
[[0;32m  OK  [0m] Started Uncomplicated firewall.
[[0;32m  OK  [0m] Started udev Coldplug all Devices.
         Mounting FUSE Control File System...
         Starting Apply Kernel Variables...
         Mounting Kernel Configuration File System...
         Starting Flush Journal to Persistent Storage...
[[0;32m  OK  [0m] Started Monitoring of LVM2 mirrors,â€¦sing dmeventd or progress polling.
[[0;32m  OK  [0m] Mounted FUSE Control File System.
[[0;32m  OK  [0m] Mounted Kernel Configuration File System.
[   13.750412] systemd-journald[409]: Received request to flush runtime journal from PID 1
[[0;32m  OK  [0m] Started Load/Save Random Seed.
[[0;32m  OK  [0m] Started Create Static Device Nodes in /dev.
         Starting udev Kernel Device Manager...
[[0;32m  OK  [0m] Started Apply Kernel Variables.
[[0;32m  OK  [0m] Started udev Kernel Device Manager.
[[0;32m  OK  [0m] Found device /dev/ttyS0.
[[0;32m  OK  [0m] Started Flush Journal to Persistent Storage.
[[0;32m  OK  [0m] Listening on Load/Save RF Kill Switch Status /dev/rfkill Watch.
[[0;32m  OK  [0m] Started Set the console keyboard layout.
[[0;32m  OK  [0m] Reached target Local File Systems (Pre).
[[0;32m  OK  [0m] Reached target Local File Systems.
         Starting AppArmor initialization...
         Starting ebtables ruleset management...
         Starting Set console font and keymap...
         Starting Create Volatile Files and Directories...
         Starting Tell Plymouth To Write Out Runtime Data...
[[0;32m  OK  [0m] Started Dispatch Password Requests to Console Directory Watch.
[[0;32m  OK  [0m] Reached target Local Encrypted Volumes.
[[0;32m  OK  [0m] Started Create Volatile Files and Directories.
         Starting Update UTMP about System Boot/Shutdown...
[[0;32m  OK  [0m] Started Set console font and keymap.
[[0;32m  OK  [0m] Started Tell Plymouth To Write Out Runtime Data.
[[0;32m  OK  [0m] Started Update UTMP about System Boot/Shutdown.
[[0;32m  OK  [0m] Started ebtables ruleset management.
[[0;32m  OK  [0m] Started AppArmor initialization.
         Starting Load AppArmor profiles managed internally by snapd...
         Starting Initial cloud-init job (pre-networking)...
         Mounting Arbitrary Executable File Formats File System...
[[0;32m  OK  [0m] Mounted Arbitrary Executable File Formats File System.
[[0;32m  OK  [0m] Started Load AppArmor profiles managed internally by snapd.
[   16.940736] cloud-init[569]: Cloud-init v. 22.3.4-0ubuntu1~18.04.1 running 'init-local' at Sat, 12 Nov 2022 18:03:22 +0000. Up 16.74 seconds.
[[0;32m  OK  [0m] Started Initial cloud-init job (pre-networking).
[[0;32m  OK  [0m] Reached target Network (Pre).
         Starting Network Service...
[[0;32m  OK  [0m] Started Network Service.
         Starting Wait for Network to be Configured...
         Starting Network Name Resolution...
[[0;32m  OK  [0m] Started Network Name Resolution.
[[0;32m  OK  [0m] Reached target Network.
[[0;32m  OK  [0m] Reached target Host and Network Name Lookups.
[[0;32m  OK  [0m] Started Wait for Network to be Configured.
         Starting Initial cloud-init job (metadata service crawler)...
[   19.507508] cloud-init[695]: Cloud-init v. 22.3.4-0ubuntu1~18.04.1 running 'init' at Sat, 12 Nov 2022 18:03:24 +0000. Up 19.37 seconds.
[   19.514308] cloud-init[695]: ci-info: ++++++++++++++++++++++++++++++++++++++Net device info++++++++++++++++++++++++++++++++++++++
[   19.520835] cloud-init[695]: ci-info: +--------+------+----------------------------+---------------+--------+-------------------+
[   19.526860] cloud-init[695]: ci-info: | Device |  Up  |          Address           |      Mask     | Scope  |     Hw-Address    |
[   19.532995] cloud-init[695]: ci-info: +--------+------+----------------------------+---------------+--------+-------------------+
[   19.539004] cloud-init[695]: ci-info: | enp0s3 | True |         10.0.2.15          | 255.255.255.0 | global | 02:cf:fd:ba:38:06 |
[   19.543483] cloud-init[695]: ci-info: | enp0s3 | True | fe80::cf:fdff:feba:3806/64 |       .       |  link  | 02:cf:fd:ba:38:06 |
[   19.547444] cloud-init[695]: ci-info: |   lo   | True |         127.0.0.1          |   255.0.0.0   |  host  |         .         |
[   19.551355] cloud-init[695]: ci-info: |   lo   | True |          ::1/128           |       .       |  host  |         .         |
[   19.555406] cloud-init[695]: ci-info: +--------+------+----------------------------+---------------+--------+-------------------+
[   19.559652] cloud-init[695]: ci-info: ++++++++++++++++++++++++++++Route IPv4 info+++++++++++++++++++++++++++++
[   19.563208] cloud-init[695]: ci-info: +-------+-------------+----------+-----------------+-----------+-------+
[   19.566709] cloud-init[695]: ci-info: | Route | Destination | Gateway  |     Genmask     | Interface | Flags |
[   19.570459] cloud-init[695]: ci-info: +-------+-------------+----------+-----------------+-----------+-------+
[   19.574218] cloud-init[695]: ci-info: |   0   |   0.0.0.0   | 10.0.2.2 |     0.0.0.0     |   enp0s3  |   UG  |
[   19.577965] cloud-init[695]: ci-info: |   1   |   10.0.2.0  | 0.0.0.0  |  255.255.255.0  |   enp0s3  |   U   |
[   19.583676] cloud-init[695]: ci-info: |   2   |   10.0.2.2  | 0.0.0.0  | 255.255.255.255 |   enp0s3  |   UH  |
[   19.589445] cloud-init[695]: ci-info: +-------+-------------+----------+-----------------+-----------+-------+
[   19.597249] cloud-init[695]: ci-info: +++++++++++++++++++Route IPv6 info+++++++++++++++++++
[   19.602214] cloud-init[695]: ci-info: +-------+-------------+---------+-----------+-------+
[   19.608432] cloud-init[695]: ci-info: | Route | Destination | Gateway | Interface | Flags |
[   19.613693] cloud-init[695]: ci-info: +-------+-------------+---------+-----------+-------+
[   19.619027] cloud-init[695]: ci-info: |   1   |  fe80::/64  |    ::   |   enp0s3  |   U   |
[   19.624167] cloud-init[695]: ci-info: |   3   |    local    |    ::   |   enp0s3  |   U   |
[   19.629348] cloud-init[695]: ci-info: |   4   |   ff00::/8  |    ::   |   enp0s3  |   U   |
[   19.635192] cloud-init[695]: ci-info: +-------+-------------+---------+-----------+-------+
[[0;32m  OK  [0m] Started Initial cloud-init job (metadata service crawler).
[[0;32m  OK  [0m] Reached target Network is Online.
         Starting Availability of block devices...
[[0;32m  OK  [0m] Reached target Remote File Systems (Pre).
         Mounting /vagrant...
[[0;32m  OK  [0m] Reached target System Initialization.
[[0;32m  OK  [0m] Started Message of the Day.
[[0;32m  OK  [0m] Listening on UUID daemon activation socket.
         Starting Docker Socket for the API.
[[0;32m  OK  [0m] Started Daily Cleanup of Temporary Directories.
[[0;32m  OK  [0m] Started ACPI Events Check.
[[0;32m  OK  [0m] Reached target Paths.
         Starting LXD - unix socket.
[[0;32m  OK  [0m] Listening on Open-iSCSI iscsid Socket.
[[0;32m  OK  [0m] Listening on cloud-init hotplug hook socket.
[[0;32m  OK  [0m] Started Daily apt download activities.
[[0;32m  OK  [0m] Started Daily apt upgrade and clean activities.
[[0;32m  OK  [0m] Listening on ACPID Listen Socket.
[[0;32m  OK  [0m] Started Ubuntu Advantage Timer for running repeated jobs.
[[0;32m  OK  [0m] Started Discard unused blocks once a week.
[[0;32m  OK  [0m] Reached target Timers.
         Starting Socket activation for snappy daemon.
[[0;32m  OK  [0m] Listening on D-Bus System Message Bus Socket.
[[0;32m  OK  [0m] Reached target Cloud-config availability.
[[0;32m  OK  [0m] Started Availability of block devices.
[[0;32m  OK  [0m] Mounted /vagrant.
[[0;32m  OK  [0m] Listening on Docker Socket for the API.
[[0;32m  OK  [0m] Listening on LXD - unix socket.
[[0;32m  OK  [0m] Listening on Socket activation for snappy daemon.
[[0;32m  OK  [0m] Reached target Sockets.
[[0;32m  OK  [0m] Reached target Basic System.
         Starting containerd container runtime...
[[0;32m  OK  [0m] Started FUSE filesystem for LXC.
[[0;32m  OK  [0m] Started D-Bus System Message Bus.
         Starting System Logging Service...
[[0;32m  OK  [0m] Started Deferred execution scheduler.
[[0;32m  OK  [0m] Reached target Login Prompts (Pre).
         Starting Login Service...
         Starting LSB: Record successful boot for GRUB...
[[0;32m  OK  [0m] Started Regular background program processing daemon.
         Starting Message of the Day...
         Starting OpenBSD Secure Shell server...
         Starting Dispatcher daemon for systemd-networkd...
         Starting Virtualbox guest utils...
         Starting Accounts Service...
[[0;32m  OK  [0m] Started irqbalance daemon.
         Starting LXD - container startup/shutdown...
         Starting Snap Daemon...
[[0;32m  OK  [0m] Reached target Remote File Systems.
         Starting Permit User Sessions...
         Starting LSB: automatic crash report generation...
[[0;32m  OK  [0m] Started System Logging Service.
[[0;32m  OK  [0m] Started Login Service.
[[0;32m  OK  [0m] Started Unattended Upgrades Shutdown.
[[0;32m  OK  [0m] Started Permit User Sessions.
         Starting Terminate Plymouth Boot Screen...
         Starting Hold until boot process finishes up...
[[0;32m  OK  [0m] Started Terminate Plymouth Boot Screen.
[[0;32m  OK  [0m] Started Hold until boot process finishes up.
[[0;32m  OK  [0m] Started Serial Getty on ttyS0.
         Starting Set console scheme...
[[0;32m  OK  [0m] Started Set console scheme.
[[0;32m  OK  [0m] Created slice system-getty.slice.
[[0;32m  OK  [0m] Started Getty on tty1.
[[0;32m  OK  [0m] Reached target Login Prompts.
         Starting Authorization Manager...
[[0;32m  OK  [0m] Started LSB: automatic crash report generation.
[[0;32m  OK  [0m] Started LSB: Record successful boot for GRUB.
[[0;32m  OK  [0m] Started OpenBSD Secure Shell server.
[[0;32m  OK  [0m] Started Authorization Manager.
[[0;32m  OK  [0m] Started Accounts Service.
[[0;32m  OK  [0m] Started Virtualbox guest utils.
[[0;32m  OK  [0m] Started Dispatcher daemon for systemd-networkd.
[[0;32m  OK  [0m] Started LXD - container startup/shutdown.
[[0;32m  OK  [0m] Started Snap Daemon.
         Starting Wait until snapd is fully seeded...
[[0;32m  OK  [0m] Started containerd container runtime.
         Starting Docker Application Container Engine...
         Starting Time & Date Service...
[[0;32m  OK  [0m] Started Time & Date Service.
[[0;32m  OK  [0m] Started Wait until snapd is fully seeded.
         Starting Apply the settings specified in cloud-config...
[[0;32m  OK  [0m] Started Message of the Day.
[   23.186496] cloud-init[1296]: Cloud-init v. 22.3.4-0ubuntu1~18.04.1 running 'modules:config' at Sat, 12 Nov 2022 18:03:28 +0000. Up 22.95 seconds.
[[0;32m  OK  [0m] Started Apply the settings specified in cloud-config.
[[0;32m  OK  [0m] Started Docker Application Container Engine.
[[0;32m  OK  [0m] Reached target Multi-User System.
[[0;32m  OK  [0m] Reached target Graphical Interface.
         Starting Execute cloud user/final scripts...
         Starting Update UTMP about System Runlevel Changes...
[[0;32m  OK  [0m] Started Update UTMP about System Runlevel Changes.
[   25.504767] cloud-init[1532]: Cloud-init v. 22.3.4-0ubuntu1~18.04.1 running 'modules:final' at Sat, 12 Nov 2022 18:03:30 +0000. Up 25.38 seconds.
[   25.505218] cloud-init[1532]: Cloud-init v. 22.3.4-0ubuntu1~18.04.1 finished at Sat, 12 Nov 2022 18:03:31 +0000. Datasource DataSourceNoCloud [seed=/dev/sdb][dsmode=net].  Up 25.49 seconds

Ubuntu 18.04.6 LTS ubuntu-bionic ttyS0

ubuntu-bionic login: 